// Vitest Snapshot v1, https://vitest.dev/guide/snapshot.html

exports[`createAssert > should handle null/undefined prefix gracefully 1`] = `[[alova]: Test with null prefix]`;

exports[`createAssert > should handle null/undefined prefix gracefully 2`] = `[[alova]: Test with undefined prefix]`;

exports[`createAssert > should throw an error when expression is false with prefix 1`] = `[[alova/validation]: Value is not valid]`;

exports[`createAssert > should throw an error with error code and include error details URL 1`] = `
[[alova]: Invalid configuration

For detailed: https://alova.js.org/error#1001]
`;

exports[`createAssert > should throw an error without error code 1`] = `[[alova]: Something went wrong]`;

exports[`createAssert should handle null/undefined prefix gracefully 1`] = `"Test with null prefix"`;

exports[`createAssert should handle null/undefined prefix gracefully 2`] = `"Test with undefined prefix"`;

exports[`createAssert should throw an error when expression is false with prefix 1`] = `"Value is not valid"`;

exports[`createAssert should throw an error with error code and include error details URL 1`] = `
"Invalid configuration

For detailed: https://alova.js.org/error#1001"
`;

exports[`createAssert should throw an error without error code 1`] = `"Something went wrong"`;
